<!DOCTYPE html>
<html lang="en">
<head>
	<meta charset="UTF-8">
	<title>Golden</title>
	<link rel="stylesheet" href="style.css">
<body>
	<header>
		<div class="container">
			<div class="heading сlearfix">
				<img src="img/logo.png" alt="golden" class="logo">
				<nav>
					<ul class="menu">
						<li>
							<a href="#">Home</a>
						</li>
						<li>
							<a href="#">Services</a>
						</li>
						<li>
							<a href="#">Portfolio</a>
						</li>
						<li>
							<a href="#">About</a>
						</li>
						<li>
							<a href="#">Contact</a>
						</li>
					</ul>
				</nav>
			</div>
			<div class="titles_first">
				Welcome To Our Studio!
			</div>
			<h1>
				It’s nice to Meet you
			</h1>
			<div >
				<a class="button" href="#"> 
					Tell Me More 
				</a>
			</div>	
	    </div>
	</header>

	<section id="services">
		<div class="container">
			<div class="titles">
				<h2>Services</h2>
				<p>Proin iaculis purus consequat sem cure.</p>
			</div>
			<div class="services clearfix">
				<div class="services_item">
					<img src="img/icon1.png" alt="icon1">
					<h3>E-Commerce</h3>
					<p>Proin iaculis purus consequat sem cure 
					digni ssim. Donec porttitora entum suscipit 
					aenean rhoncus posuere odio in tincidunt.</p>
				</div>
			    <div class="services_item">
					<img src="img/icon2.png" alt="icon2">
					<h3>Responsive Web</h3>
					<p>Proin iaculis purus consequat sem cure 
					digni ssim. Donec porttitora entum suscipit 
					aenean rhoncus posuere odio in tincidunt.</p>
                </div>
				<div class="services_item">
					<img src="img/icon3.png" alt="icon3">
					<h3>Web Security</h3>
					<p>Proin iaculis purus consequat sem cure 
					digni ssim. Donec porttitora entum suscipit 
					aenean rhoncus posuere odio in tincidunt.</p>
				</div>
			</div>
		</div>
	</section>

	<section id="portfolio">
		<div class="container">
			<div class="titles">
				<div class="yt">
					<h2>our portfolio</h2>
					<p>Proin iaculis purus consequat sem cure.</p>
				</div>
			</div> 
			<div class="works clearfix">	
				<img src="img/img1.jpg" alt="">
				<img src="img/img2.jpg" alt="">
				<img src="img/img3.jpg" alt="">
			</div>
		</div>	
	</section>
	<section id="about">
		<div class="container">
			<div class="titles">
			   <h2>about us</h2>
			   <p>Proin iaculis purus consequat sem cure.</p>
			</div>

 		<div class="texts">
 			<div class="read"></div>
				<div class="about1">
					<h3>July 2010</h3>
					<h4>Our Humble Beginnings</h4>
					<p>Proin iaculis purus consequat sem cure 
						digni ssim. Donec porttitora entum suscipit 
						aenean rhoncus posuere odio in tincidunt.</p>
				</div>
				<img src="img/about1.jpg" alt="" class="center-img1">
   	 	</div>

    	<div class="read1">
			<div class="about2 ">
				<h3>January 2011</h3>
				<h4>Facing Startup Battles</h4>
				<p>Proin iaculis purus consequat sem cure 
					digni ssim. Donec porttitora entum suscipit 
					aenean rhoncus posuere odio in tincidunt.</p>
			</div>
				<img src="img/about2.jpg" alt="" class="center-img"><h3></h3>
		</div>
		<div class="read1">
			<div class="about3">
				<h3>December 2012</h3>
				<h4>Enter The Dark Daysfebruary 2014</h4>
				<p>Proin iaculis purus consequat sem cure 
					digni ssim. Donec porttitora entum suscipit 
					aenean rhoncus posuere odio in tincidunt.</p>
				</div>
			<img src="img/about3.jpg" alt="" class="center-img1"><h3></h3>
	</div>
	
	<div class="read1">
		<div class="about4">
				<h3>FEBRUARY 2014</h3>
				<h4>Our Triumph</h4>
				<p>Proin iaculis purus consequat sem cure 
					digni ssim. Donec porttitora entum suscipit 
					aenean rhoncus posuere odio in tincidunt.</p>
		</div>
    	<img src="img/about4.jpg" alt="" class="center-img"><h3></h3>
	</div>
    </div>
</section>

	<footer>
		<div class="container">
			<div class="end"><p>©Copyright 2014 FreebiesXpress.com</p></div>
	    </div>	 
	</footer>
</body>
</html>